---
source: crates/spelldawn/tests/it/core/action_tests.rs
assertion_line: 221
expression: "Summary::run(&response)"
---

command_list: 
    MoveGameObjects: 
        id: Identity(User)
        position: 
            sorting_key: 0
            position: ObjectPositionIdentityContainer { owner: User }
    UpdateGameView: 
        user: 
            side: Overlord
            mana: 9
            action_tracker: 1
            can_take_action: true
        raid_active: false
    CreateOrUpdateCard: 
        card: 
            card_id: O45
            revealed_to_viewer: true
            is_face_up: false
            card_icons: 
                arena_icon: "1"
            owning_player: User
        create_position: 
            sorting_key: 2
            position: ObjectPositionRoom { room_id: RoomA, room_location: Back }
        create_animation: Unspecified
channel_response: 
    VisitRoom: 
        initiator: Opponent
        room_id: RoomA
        visit_type: LevelUpRoom
    Delay: 500
    MoveGameObjects: 
        id: Identity(Opponent)
        position: 
            sorting_key: 0
            position: ObjectPositionIdentityContainer { owner: Opponent }
    UpdateGameView: 
        opponent: 
            side: Overlord
            mana: 9
            action_tracker: 1
            can_take_action: true
        raid_active: false
    CreateOrUpdateCard: 
        card: 
            card_id: O45
            revealed_to_viewer: false
            is_face_up: false
            card_icons: 
                arena_icon: "1"
            owning_player: Opponent
        create_position: 
            sorting_key: 2
            position: ObjectPositionRoom { room_id: RoomA, room_location: Back }
        create_animation: Unspecified
