---
source: crates/spelldawn/tests/it/rules/action_tests.rs
assertion_line: 48
expression: "Summary::run(&r3)"

---

    UpdateGameView: 
        user: 
            side: Champion
            player_info: 
                name: "Test Champion Identity"
                portrait: "<SpriteAddress>"
                portrait_frame: "<SpriteAddress>"
                card_back: "<SpriteAddress>"
            mana: 999
            action_tracker: 0
            score: 0
        opponent: 
            side: Overlord
            player_info: 
                name: "Test Overlord Identity"
                portrait: "<SpriteAddress>"
                portrait_frame: "<SpriteAddress>"
                card_back: "<SpriteAddress>"
            mana: 999
            action_tracker: 2
            score: 0
        current_priority: Opponent
        raid_active: false
    CreateOrUpdateCard: 
        card: 
            card_id: O0
            card_icons: 
            arena_frame: "<SpriteAddress>"
            owning_player: Opponent
            revealed_card: 
                card_frame: "<SpriteAddress>"
                title_background: "<SpriteAddress>"
                jewel: "<SpriteAddress>"
                image: "<SpriteAddress>"
                title: "Test Overlord Identity"
                rules_text: "<RulesText>"
                revealed_in_arena: true
                targeting: 
                on_release_position: 
                    sorting_key: 4294967295
                    position: ObjectPositionStaging
                can_play: false
        create_position: 
            sorting_key: 0
            position: ObjectPositionIdentity { owner: Opponent }
        create_animation: Unspecified
    CreateOrUpdateCard: 
        card: 
            card_id: O1
            card_icons: 
            arena_frame: "<SpriteAddress>"
            owning_player: Opponent
        create_position: 
            sorting_key: 1
            position: ObjectPositionHand { owner: Opponent }
        create_animation: Unspecified
    CreateOrUpdateCard: 
        card: 
            card_id: C0
            card_icons: 
            arena_frame: "<SpriteAddress>"
            owning_player: User
            revealed_card: 
                card_frame: "<SpriteAddress>"
                title_background: "<SpriteAddress>"
                jewel: "<SpriteAddress>"
                image: "<SpriteAddress>"
                title: "Test Champion Identity"
                rules_text: "<RulesText>"
                revealed_in_arena: true
                targeting: 
                on_release_position: 
                    sorting_key: 4294967295
                    position: ObjectPositionStaging
                can_play: false
        create_position: 
            sorting_key: 0
            position: ObjectPositionIdentity { owner: User }
        create_animation: Unspecified
    RenderInterface: 
    panels: 
        main_controls: 
        card_anchor_nodes: 
    RenderInterface: 
    panels: "<DebugPanel>"
