---
source: crates/spelldawn/tests/it/rules/create_game_tests.rs
assertion_line: 152
expression: "Summary::summarize(&response)"

---

command_list: 
    RunInParallel: 
        MoveGameObjects: 
            id: C1
            position: 
                sorting_key: 16
                position: ObjectPositionHand { owner: User }
        MoveGameObjects: 
            id: C2
            position: 
                sorting_key: 17
                position: ObjectPositionHand { owner: User }
        MoveGameObjects: 
            id: C3
            position: 
                sorting_key: 18
                position: ObjectPositionHand { owner: User }
        MoveGameObjects: 
            id: C4
            position: 
                sorting_key: 19
                position: ObjectPositionHand { owner: User }
        MoveGameObjects: 
            id: C5
            position: 
                sorting_key: 20
                position: ObjectPositionHand { owner: User }
    CreateOrUpdateCard: 
        card: 
            card_id: C1
            card_icons: 
                top_left_icon: "1"
            arena_frame: "<SpriteAddress>"
            owning_player: User
            revealed_card: 
                card_frame: "<SpriteAddress>"
                title_background: "<SpriteAddress>"
                jewel: "<SpriteAddress>"
                image: "<SpriteAddress>"
                title: "Test Champion Spell"
                rules_text: "<RulesText>"
                revealed_in_arena: false
                targeting: 
                on_release_position: 
                    sorting_key: 4294967295
                    position: ObjectPositionStaging
                can_play: false
        create_position: 
            sorting_key: 16
            position: ObjectPositionHand { owner: User }
        create_animation: Unspecified
    CreateOrUpdateCard: 
        card: 
            card_id: C2
            card_icons: 
                top_left_icon: "1"
            arena_frame: "<SpriteAddress>"
            owning_player: User
            revealed_card: 
                card_frame: "<SpriteAddress>"
                title_background: "<SpriteAddress>"
                jewel: "<SpriteAddress>"
                image: "<SpriteAddress>"
                title: "Test Champion Spell"
                rules_text: "<RulesText>"
                revealed_in_arena: false
                targeting: 
                on_release_position: 
                    sorting_key: 4294967295
                    position: ObjectPositionStaging
                can_play: false
        create_position: 
            sorting_key: 17
            position: ObjectPositionHand { owner: User }
        create_animation: Unspecified
    CreateOrUpdateCard: 
        card: 
            card_id: C3
            card_icons: 
                top_left_icon: "1"
            arena_frame: "<SpriteAddress>"
            owning_player: User
            revealed_card: 
                card_frame: "<SpriteAddress>"
                title_background: "<SpriteAddress>"
                jewel: "<SpriteAddress>"
                image: "<SpriteAddress>"
                title: "Test Champion Spell"
                rules_text: "<RulesText>"
                revealed_in_arena: false
                targeting: 
                on_release_position: 
                    sorting_key: 4294967295
                    position: ObjectPositionStaging
                can_play: false
        create_position: 
            sorting_key: 18
            position: ObjectPositionHand { owner: User }
        create_animation: Unspecified
    CreateOrUpdateCard: 
        card: 
            card_id: C4
            card_icons: 
                top_left_icon: "1"
            arena_frame: "<SpriteAddress>"
            owning_player: User
            revealed_card: 
                card_frame: "<SpriteAddress>"
                title_background: "<SpriteAddress>"
                jewel: "<SpriteAddress>"
                image: "<SpriteAddress>"
                title: "Test Champion Spell"
                rules_text: "<RulesText>"
                revealed_in_arena: false
                targeting: 
                on_release_position: 
                    sorting_key: 4294967295
                    position: ObjectPositionStaging
                can_play: false
        create_position: 
            sorting_key: 19
            position: ObjectPositionHand { owner: User }
        create_animation: Unspecified
    CreateOrUpdateCard: 
        card: 
            card_id: C5
            card_icons: 
                top_left_icon: "1"
            arena_frame: "<SpriteAddress>"
            owning_player: User
            revealed_card: 
                card_frame: "<SpriteAddress>"
                title_background: "<SpriteAddress>"
                jewel: "<SpriteAddress>"
                image: "<SpriteAddress>"
                title: "Test Champion Spell"
                rules_text: "<RulesText>"
                revealed_in_arena: false
                targeting: 
                on_release_position: 
                    sorting_key: 4294967295
                    position: ObjectPositionStaging
                can_play: false
        create_position: 
            sorting_key: 20
            position: ObjectPositionHand { owner: User }
        create_animation: Unspecified
    CreateOrUpdateCard: 
        card: 
            card_id: O6
            card_icons: 
            arena_frame: "<SpriteAddress>"
            owning_player: Opponent
        create_position: 
            sorting_key: 4294967295
            position: ObjectPositionDeck { owner: Opponent }
        create_animation: Unspecified
    MoveGameObjects: 
        id: O6
        position: 
            sorting_key: 22
            position: ObjectPositionHand { owner: Opponent }
    UpdateGameView: 
        user: 
            side: Champion
            mana: 5
        opponent: 
            side: Overlord
            mana: 5
            action_tracker: 3
        current_priority: Opponent
        raid_active: false
    RenderInterface: 
    panels: 
        main_controls: 
        card_anchor_nodes: 
    DisplayGameMessage: Dusk
channel_response: 
    RunInParallel: 
        MoveGameObjects: 
            id: C1
            position: 
                sorting_key: 16
                position: ObjectPositionHand { owner: Opponent }
        MoveGameObjects: 
            id: C2
            position: 
                sorting_key: 17
                position: ObjectPositionHand { owner: Opponent }
        MoveGameObjects: 
            id: C3
            position: 
                sorting_key: 18
                position: ObjectPositionHand { owner: Opponent }
        MoveGameObjects: 
            id: C4
            position: 
                sorting_key: 19
                position: ObjectPositionHand { owner: Opponent }
        MoveGameObjects: 
            id: C5
            position: 
                sorting_key: 20
                position: ObjectPositionHand { owner: Opponent }
    CreateOrUpdateCard: 
        card: 
            card_id: C1
            card_icons: 
            arena_frame: "<SpriteAddress>"
            owning_player: Opponent
        create_position: 
            sorting_key: 16
            position: ObjectPositionHand { owner: Opponent }
        create_animation: Unspecified
    CreateOrUpdateCard: 
        card: 
            card_id: C2
            card_icons: 
            arena_frame: "<SpriteAddress>"
            owning_player: Opponent
        create_position: 
            sorting_key: 17
            position: ObjectPositionHand { owner: Opponent }
        create_animation: Unspecified
    CreateOrUpdateCard: 
        card: 
            card_id: C3
            card_icons: 
            arena_frame: "<SpriteAddress>"
            owning_player: Opponent
        create_position: 
            sorting_key: 18
            position: ObjectPositionHand { owner: Opponent }
        create_animation: Unspecified
    CreateOrUpdateCard: 
        card: 
            card_id: C4
            card_icons: 
            arena_frame: "<SpriteAddress>"
            owning_player: Opponent
        create_position: 
            sorting_key: 19
            position: ObjectPositionHand { owner: Opponent }
        create_animation: Unspecified
    CreateOrUpdateCard: 
        card: 
            card_id: C5
            card_icons: 
            arena_frame: "<SpriteAddress>"
            owning_player: Opponent
        create_position: 
            sorting_key: 20
            position: ObjectPositionHand { owner: Opponent }
        create_animation: Unspecified
    CreateOrUpdateCard: 
        card: 
            card_id: O6
            card_icons: 
                top_left_icon: "1"
            arena_frame: "<SpriteAddress>"
            owning_player: User
            revealed_card: 
                card_frame: "<SpriteAddress>"
                title_background: "<SpriteAddress>"
                jewel: "<SpriteAddress>"
                image: "<SpriteAddress>"
                title: "Test Overlord Spell"
                rules_text: "<RulesText>"
                revealed_in_arena: false
                targeting: 
                on_release_position: 
                    sorting_key: 4294967295
                    position: ObjectPositionStaging
                can_play: true
        create_animation: DrawCard
    MoveGameObjects: 
        id: O6
        position: 
            sorting_key: 22
            position: ObjectPositionHand { owner: User }
    UpdateGameView: 
        user: 
            side: Overlord
            mana: 5
            action_tracker: 3
        opponent: 
            side: Champion
            mana: 5
        current_priority: User
        raid_active: false
    CreateOrUpdateCard: 
        card: 
            card_id: O1
            owning_player: User
            revealed_card: 
                revealed_in_arena: false
                can_play: true
        create_position: 
            sorting_key: 6
            position: ObjectPositionHand { owner: User }
        create_animation: Unspecified
    CreateOrUpdateCard: 
        card: 
            card_id: O2
            owning_player: User
            revealed_card: 
                revealed_in_arena: false
                can_play: true
        create_position: 
            sorting_key: 7
            position: ObjectPositionHand { owner: User }
        create_animation: Unspecified
    CreateOrUpdateCard: 
        card: 
            card_id: O3
            owning_player: User
            revealed_card: 
                revealed_in_arena: false
                can_play: true
        create_position: 
            sorting_key: 8
            position: ObjectPositionHand { owner: User }
        create_animation: Unspecified
    CreateOrUpdateCard: 
        card: 
            card_id: O4
            owning_player: User
            revealed_card: 
                revealed_in_arena: false
                can_play: true
        create_position: 
            sorting_key: 9
            position: ObjectPositionHand { owner: User }
        create_animation: Unspecified
    CreateOrUpdateCard: 
        card: 
            card_id: O5
            owning_player: User
            revealed_card: 
                revealed_in_arena: false
                can_play: true
        create_position: 
            sorting_key: 10
            position: ObjectPositionHand { owner: User }
        create_animation: Unspecified
    RenderInterface: 
    panels: 
        main_controls: 
        card_anchor_nodes: 
    DisplayGameMessage: Dusk
