---
source: crates/spelldawn/tests/it/rules/raid_tests.rs
assertion_line: 285
expression: "Summary::run(&response)"

---

command_list: 
    FireProjectile: 
        source_id: O44
        target_id: Identity(User)
        projectile: "<ProjectileAddress>"
        travel_duration: 300
        wait_duration: 300
    UpdateGameView: 
        current_priority: User
        raid_active: false
    RunInParallel: 
        MoveGameObjects: 
            id: O44
            position: 
                sorting_key: 4
                position: ObjectPositionRoom { room_id: RoomA, room_location: Front }
        MoveGameObjects: 
            id: O45
            position: 
                sorting_key: 2
                position: ObjectPositionRoom { room_id: RoomA, room_location: Back }
        MoveGameObjects: 
            id: Identity(User)
            position: 
                sorting_key: 0
                position: ObjectPositionIdentityContainer { owner: User }
    RenderInterface: 
    panels: 
        main_controls: 
        card_anchor_nodes: 
channel_response: 
    FireProjectile: 
        source_id: O44
        target_id: Identity(Opponent)
        projectile: "<ProjectileAddress>"
        travel_duration: 300
        wait_duration: 300
    UpdateGameView: 
        current_priority: Opponent
        raid_active: false
    RunInParallel: 
        MoveGameObjects: 
            id: O44
            position: 
                sorting_key: 4
                position: ObjectPositionRoom { room_id: RoomA, room_location: Front }
        MoveGameObjects: 
            id: O45
            position: 
                sorting_key: 2
                position: ObjectPositionRoom { room_id: RoomA, room_location: Back }
        MoveGameObjects: 
            id: Identity(Opponent)
            position: 
                sorting_key: 0
                position: ObjectPositionIdentityContainer { owner: Opponent }
    RenderInterface: 
    panels: 
        main_controls: 
        card_anchor_nodes: 
